[debug] [2025-12-18T16:55:19.715Z] ----------------------------------------------------------------------
[debug] [2025-12-18T16:55:19.718Z] Command:       C:\Program Files\nodejs\node.exe C:\Users\Lenovo\AppData\Roaming\npm\node_modules\firebase-tools\lib\bin\firebase.js login
[debug] [2025-12-18T16:55:19.718Z] CLI Version:   15.0.0
[debug] [2025-12-18T16:55:19.718Z] Platform:      win32
[debug] [2025-12-18T16:55:19.718Z] Node Version:  v22.17.0
[debug] [2025-12-18T16:55:19.719Z] Time:          Thu Dec 18 2025 18:55:19 GMT+0200 (Eastern European Standard Time)
[debug] [2025-12-18T16:55:19.719Z] ----------------------------------------------------------------------
[debug] 
[debug] [2025-12-18T16:55:19.721Z] >>> [apiv2][query] GET https://firebase-public.firebaseio.com/cli.json [none]
[info] Already logged in as spyderend@gmail.com
[debug] [2025-12-18T16:55:25.131Z] Error: Timed out.
    at Timeout._onTimeout (C:\Users\Lenovo\AppData\Roaming\npm\node_modules\firebase-tools\lib\utils.js:275:49)
    at listOnTimeout (node:internal/timers:588:17)
    at process.processTimers (node:internal/timers:523:7)
[error] 
[error] Error: An unexpected error has occurred.
[debug] [2025-12-18T16:55:35.459Z] ----------------------------------------------------------------------
[debug] [2025-12-18T16:55:35.461Z] Command:       C:\Program Files\nodejs\node.exe C:\Users\Lenovo\AppData\Roaming\npm\node_modules\firebase-tools\lib\bin\firebase.js init
[debug] [2025-12-18T16:55:35.462Z] CLI Version:   15.0.0
[debug] [2025-12-18T16:55:35.462Z] Platform:      win32
[debug] [2025-12-18T16:55:35.462Z] Node Version:  v22.17.0
[debug] [2025-12-18T16:55:35.462Z] Time:          Thu Dec 18 2025 18:55:35 GMT+0200 (Eastern European Standard Time)
[debug] [2025-12-18T16:55:35.462Z] ----------------------------------------------------------------------
[debug] 
[debug] [2025-12-18T16:55:35.464Z] >>> [apiv2][query] GET https://firebase-public.firebaseio.com/cli.json [none]
[info] 
     ######## #### ########  ######## ########     ###     ######  ########
     ##        ##  ##     ## ##       ##     ##  ##   ##  ##       ##
     ######    ##  ########  ######   ########  #########  ######  ######
     ##        ##  ##    ##  ##       ##     ## ##     ##       ## ##
     ##       #### ##     ## ######## ########  ##     ##  ######  ########

You're about to initialize a Firebase project in this directory:

  C:\Users\Lenovo\OneDrive\Desktop\code\try2

[debug] [2025-12-18T16:55:37.401Z] <<< [apiv2][status] GET https://firebase-public.firebaseio.com/cli.json 200
[debug] [2025-12-18T16:55:37.401Z] <<< [apiv2][body] GET https://firebase-public.firebaseio.com/cli.json {"cloudBuildErrorAfter":1594252800000,"cloudBuildWarnAfter":1590019200000,"defaultNode10After":1594252800000,"minVersion":"3.0.5","node8DeploysDisabledAfter":1613390400000,"node8RuntimeDisabledAfter":1615809600000,"node8WarnAfter":1600128000000}
